2026-02-24 16:23:18,687 - INFO - Planificateur démarré. getImpayesColumns à 00:00, populateImpayes à 00:03, populateSequences à 00:10, peuplerRelances à 00:15...
2026-02-24 16:23:29,596 - INFO - Planificateur démarré. getImpayesColumns à 00:00, populateImpayes à 00:03, populateSequences à 00:10, peuplerRelances à 00:15...
2026-02-24 16:28:30,320 - INFO - Planificateur démarré. getImpayesColumns à 00:00, populateImpayes à 00:03, populateSequences à 00:10, peuplerRelances à 00:15...
2026-02-24 17:00:01,008 - ERROR - [2026-02-24 17:00:01.008715] Erreur lors de l'appel de getImpayesColumns : 400
2026-02-24 17:03:00,083 - ERROR - [2026-02-24 17:03:00.083754] Erreur lors de l'appel de populateImpayes : 400
2026-02-24 17:10:00,180 - ERROR - [2026-02-24 17:10:00.180551] Erreur lors de l'appel de populateSequences : 400
2026-02-24 17:15:00,290 - ERROR - [2026-02-24 17:15:00.290229] Erreur lors de l'appel de peuplerRelances : 400
2026-02-24 18:00:00,748 - ERROR - [2026-02-24 18:00:00.748746] Erreur lors de l'appel de getImpayesColumns : 400
2026-02-24 18:03:00,818 - ERROR - [2026-02-24 18:03:00.818697] Erreur lors de l'appel de populateImpayes : 400
2026-02-24 18:10:00,934 - ERROR - [2026-02-24 18:10:00.934068] Erreur lors de l'appel de populateSequences : 400
2026-02-24 18:15:01,056 - ERROR - [2026-02-24 18:15:01.056725] Erreur lors de l'appel de peuplerRelances : 400
2026-02-24 19:00:00,632 - ERROR - [2026-02-24 19:00:00.632546] Erreur lors de l'appel de getImpayesColumns : 400
2026-02-24 19:03:00,712 - ERROR - [2026-02-24 19:03:00.712794] Erreur lors de l'appel de populateImpayes : 400
2026-02-24 19:10:00,861 - ERROR - [2026-02-24 19:10:00.861533] Erreur lors de l'appel de populateSequences : 400
2026-02-24 19:15:00,979 - ERROR - [2026-02-24 19:15:00.979934] Erreur lors de l'appel de peuplerRelances : 400
2026-02-24 20:00:00,519 - ERROR - [2026-02-24 20:00:00.519240] Erreur lors de l'appel de getImpayesColumns : 400
2026-02-24 20:03:00,589 - ERROR - [2026-02-24 20:03:00.589629] Erreur lors de l'appel de populateImpayes : 400
2026-02-24 20:10:00,695 - ERROR - [2026-02-24 20:10:00.695519] Erreur lors de l'appel de populateSequences : 400
2026-02-24 20:15:00,804 - ERROR - [2026-02-24 20:15:00.804829] Erreur lors de l'appel de peuplerRelances : 400
2026-02-24 21:00:00,266 - ERROR - [2026-02-24 21:00:00.266506] Erreur lors de l'appel de getImpayesColumns : 400
2026-02-24 21:03:00,345 - ERROR - [2026-02-24 21:03:00.345011] Erreur lors de l'appel de populateImpayes : 400
2026-02-24 21:10:00,459 - ERROR - [2026-02-24 21:10:00.459697] Erreur lors de l'appel de populateSequences : 400
2026-02-24 21:15:00,549 - ERROR - [2026-02-24 21:15:00.549773] Erreur lors de l'appel de peuplerRelances : 400
2026-02-24 22:00:01,046 - ERROR - [2026-02-24 22:00:01.046134] Erreur lors de l'appel de getImpayesColumns : 400
2026-02-24 22:03:00,163 - ERROR - [2026-02-24 22:03:00.163284] Erreur lors de l'appel de populateImpayes : 400
2026-02-24 22:10:00,285 - ERROR - [2026-02-24 22:10:00.285528] Erreur lors de l'appel de populateSequences : 400
2026-02-24 22:15:00,402 - ERROR - [2026-02-24 22:15:00.402105] Erreur lors de l'appel de peuplerRelances : 400
2026-02-24 23:00:01,009 - ERROR - [2026-02-24 23:00:01.008274] Erreur lors de l'appel de getImpayesColumns : 400
2026-02-24 23:03:00,086 - ERROR - [2026-02-24 23:03:00.086325] Erreur lors de l'appel de populateImpayes : 400
2026-02-24 23:10:00,188 - ERROR - [2026-02-24 23:10:00.188491] Erreur lors de l'appel de populateSequences : 400
2026-02-24 23:15:00,305 - ERROR - [2026-02-24 23:15:00.305728] Erreur lors de l'appel de peuplerRelances : 400
