2026-02-20 16:51:14,884 - INFO - Début de l'exécution du script getImpayesColumns
2026-02-20 16:51:14,998 - INFO - Schéma récupéré avec succès pour la classe Impayes
2026-02-20 16:51:14,999 - INFO - Structure du schéma: ['className', 'fields', 'classLevelPermissions', 'indexes']
2026-02-20 16:51:14,999 - INFO - Type de fields: <class 'dict'>
2026-02-20 16:51:14,999 - INFO - Colonnes récupérées depuis le schéma: 74 colonnes
2026-02-20 16:51:14,999 - INFO - Colonnes récupérées: 74 colonnes
2026-02-20 16:51:14,999 - INFO - Type de columns: <class 'list'>
2026-02-20 16:51:14,999 - INFO - Premières colonnes: ['objectId', 'createdAt', 'updatedAt']
2026-02-20 16:51:14,999 - INFO - Chemin de sortie: static/configs/variables.json
2026-02-20 16:51:15,000 - INFO - Nombre de colonnes à sauvegarder: 74
2026-02-20 16:51:15,001 - INFO - Premières colonnes: ['objectId', 'createdAt', 'updatedAt', 'ACL', 'datepiece']
2026-02-20 16:51:15,001 - INFO - Appel de save_columns_to_json...
2026-02-20 16:51:15,002 - INFO - Colonnes sauvegardées avec succès dans static/configs/variables.json
2026-02-20 16:51:15,002 - INFO - save_columns_to_json retourné: True
2026-02-20 16:53:21,064 - INFO - Début de l'exécution du script getImpayesColumns
2026-02-20 16:53:21,142 - INFO - Schéma récupéré avec succès pour la classe Impayes
2026-02-20 16:53:21,143 - INFO - Structure du schéma: ['className', 'fields', 'classLevelPermissions', 'indexes']
2026-02-20 16:53:21,143 - INFO - Type de fields: <class 'dict'>
2026-02-20 16:53:21,143 - INFO - Colonnes récupérées depuis le schéma: 74 colonnes
2026-02-20 16:53:21,143 - INFO - Colonnes récupérées: 74 colonnes
2026-02-20 16:53:21,143 - INFO - Type de columns: <class 'list'>
2026-02-20 16:53:21,143 - INFO - Premières colonnes: ['objectId', 'createdAt', 'updatedAt']
2026-02-20 16:53:21,143 - INFO - Chemin de sortie: ../static/configs/variables.json
2026-02-20 16:53:21,143 - INFO - Nombre de colonnes à sauvegarder: 74
2026-02-20 16:53:21,143 - INFO - Premières colonnes: ['objectId', 'createdAt', 'updatedAt', 'ACL', 'datepiece']
2026-02-20 16:53:21,143 - INFO - Appel de save_columns_to_json...
2026-02-20 16:53:21,144 - INFO - Colonnes sauvegardées avec succès dans ../static/configs/variables.json
2026-02-20 16:53:21,144 - INFO - save_columns_to_json retourné: True
